warning: unused import: `rust_decimal::Decimal`
 --> tests\ux_safeguards.rs:3:5
  |
3 | use rust_decimal::Decimal; 
  |     ^^^^^^^^^^^^^^^^^^^^^
  |
  = note: `#[warn(unused_imports)]` (part of `#[warn(unused)]`) on by default

warning: `zakat` (test "ux_safeguards") generated 1 warning (run `cargo fix --test "ux_safeguards" -p zakat` to apply 1 suggestion)
    Finished `test` profile [unoptimized + debuginfo] target(s) in 0.10s
     Running tests\ux_safeguards.rs (target\debug\deps\ux_safeguards-b9badffe65b7d1ee.exe)

running 5 tests
test test_sanitization_business_negative ... ok
test test_sanitization_income_negative ... ok
test test_labeling_workflow ... FAILED
test test_sanitization_investment_negative ... ok
test test_sanitization_negative_weight ... ok

failures:

---- test_labeling_workflow stdout ----

thread 'test_labeling_workflow' (4488) panicked at tests\ux_safeguards.rs:13:10:
called `Result::unwrap()` on an `Err` value: ConfigurationError("Gold price needed for Business Nisab")
note: run with `RUST_BACKTRACE=1` environment variable to display a backtrace


failures:
    test_labeling_workflow

test result: FAILED. 4 passed; 1 failed; 0 ignored; 0 measured; 0 filtered out; finished in 0.00s

error: test failed, to rerun pass `--test ux_safeguards`
